	Command being timed: "/home/superleo13/predictors/runtime/cain-p6/venv/bin/cain loop --db state/loop.db run --predictor brasileirao --world /home/superleo13/predictors/work/cain-p6/loops/brasileirao/research_world.toml --proposer local-model --novelty embedding --config cain.toml --loop-id loop:brasileirao-dev2022-1"
	User time (seconds): 70.66
	System time (seconds): 0.79
	Percent of CPU this job got: 136%
	Elapsed (wall clock) time (h:mm:ss or m:ss): 0:52.35
	Average shared text size (kbytes): 0
	Average unshared data size (kbytes): 0
	Average stack size (kbytes): 0
	Average total size (kbytes): 0
	Maximum resident set size (kbytes): 159996
	Average resident set size (kbytes): 0
	Major (requiring I/O) page faults: 0
	Minor (reclaiming a frame) page faults: 237949
	Voluntary context switches: 862
	Involuntary context switches: 6886
	Swaps: 0
	File system inputs: 32
	File system outputs: 3160
	Socket messages sent: 0
	Socket messages received: 0
	Signals delivered: 0
	Page size (bytes): 4096
	Exit status: 0
[exit 0]
